// Jest Snapshot v1, https://goo.gl/fbAQLP

exports[`Home renders a heading 1`] = `
<div>
  <main
    class="main"
  >
    <div
      class="description"
    >
      <h1>
         welcome to next.js! 
      </h1>
      <a
        href="dashboard"
      >
         Dashboard 
      </a>
      <img
        alt="belica"
        data-nimg="1"
        decoding="async"
        height="180"
        loading="lazy"
        src="/_next/image?url=%2Fimages%2FBelica.webp&w=384&q=75"
        srcset="/_next/image?url=%2Fimages%2FBelica.webp&w=256&q=75 1x, /_next/image?url=%2Fimages%2FBelica.webp&w=384&q=75 2x"
        style="color: transparent;"
        width="140"
      />
      <button
        class="button"
      >
        i like round
      </button>
    </div>
  </main>
</div>
`;
